
*** Running vivado
    with args -log parking_top.vds -m64 -product Vivado -mode batch -messageDb vivado.pb -notrace -source parking_top.tcl



****** Vivado v2025.2 (64-bit)
  **** SW Build 6299465 on Fri Nov 14 19:35:11 GMT 2025
  **** IP Build 6300035 on Fri Nov 14 10:48:45 MST 2025
  **** SharedData Build 6298862 on Thu Nov 13 04:50:51 MST 2025
  **** Start of session at: Tue Jun 30 12:48:42 2026
    ** Copyright 1986-2022 Xilinx, Inc. All Rights Reserved.
    ** Copyright 2022-2025 Advanced Micro Devices, Inc. All Rights Reserved.

source parking_top.tcl -notrace
create_project: Time (s): cpu = 00:00:08 ; elapsed = 00:00:06 . Memory (MB): peak = 525.266 ; gain = 218.883
Command: read_checkpoint -auto_incremental -incremental C:/Users/cw_98/Documents/Parking_System_FPGA/parking_system/parking_system.srcs/utils_1/imports/synth_1/parking_top.dcp
INFO: [Vivado 12-5825] Read reference checkpoint from C:/Users/cw_98/Documents/Parking_System_FPGA/parking_system/parking_system.srcs/utils_1/imports/synth_1/parking_top.dcp for incremental synthesis
INFO: [Vivado 12-7989] Please ensure there are no constraint changes
Command: synth_design -top parking_top -part xc7a100tcsg324-1
Starting synth_design
Attempting to get a license for feature 'Synthesis' and/or device 'xc7a100t'
INFO: [Common 17-349] Got license for feature 'Synthesis' and/or device 'xc7a100t'
INFO: [Device 21-403] Loading part xc7a100tcsg324-1
INFO: [Designutils 20-5440] No compile time benefit to using incremental synthesis; A full resynthesis will be run
INFO: [Designutils 20-4379] Flow is switching to default flow due to incremental criteria not met. If you would like to alter this behaviour and have the flow terminate instead, please set the following parameter config_implementation {autoIncr.Synth.RejectBehavior Terminate}
INFO: [Synth 8-7079] Multithreading enabled for synth_design using a maximum of 2 processes.
INFO: [Synth 8-7078] Launching helper process for spawning children vivado processes
INFO: [Synth 8-7075] Helper process launched with PID 4736
---------------------------------------------------------------------------------
Starting RTL Elaboration : Time (s): cpu = 00:00:07 ; elapsed = 00:00:08 . Memory (MB): peak = 1275.469 ; gain = 542.734
---------------------------------------------------------------------------------
INFO: [Synth 8-638] synthesizing module 'parking_top' [C:/Users/cw_98/Documents/Parking_System_FPGA/parking_system/parking_system.srcs/sources_1/new/parking_top.vhd:81]
INFO: [Synth 8-638] synthesizing module 'debounce_pulse' [C:/Users/cw_98/Documents/Parking_System_FPGA/parking_system/parking_system.srcs/sources_1/new/parking_top.vhd:15]
	Parameter STABLE_COUNT bound to: 2000000 - type: integer 
INFO: [Synth 8-256] done synthesizing module 'debounce_pulse' (0#1) [C:/Users/cw_98/Documents/Parking_System_FPGA/parking_system/parking_system.srcs/sources_1/new/parking_top.vhd:15]
WARNING: [Synth 8-153] case item 31'b0000000000000000000000000000010 will never be executed [C:/Users/cw_98/Documents/Parking_System_FPGA/parking_system/parking_system.srcs/sources_1/new/parking_top.vhd:107]
WARNING: [Synth 8-153] case item 31'b0000000000000000000000000000011 will never be executed [C:/Users/cw_98/Documents/Parking_System_FPGA/parking_system/parking_system.srcs/sources_1/new/parking_top.vhd:107]
WARNING: [Synth 8-153] case item 31'b0000000000000000000000000000100 will never be executed [C:/Users/cw_98/Documents/Parking_System_FPGA/parking_system/parking_system.srcs/sources_1/new/parking_top.vhd:107]
WARNING: [Synth 8-153] case item 31'b0000000000000000000000000000101 will never be executed [C:/Users/cw_98/Documents/Parking_System_FPGA/parking_system/parking_system.srcs/sources_1/new/parking_top.vhd:107]
WARNING: [Synth 8-153] case item 31'b0000000000000000000000000000110 will never be executed [C:/Users/cw_98/Documents/Parking_System_FPGA/parking_system/parking_system.srcs/sources_1/new/parking_top.vhd:107]
WARNING: [Synth 8-153] case item 31'b0000000000000000000000000000111 will never be executed [C:/Users/cw_98/Documents/Parking_System_FPGA/parking_system/parking_system.srcs/sources_1/new/parking_top.vhd:107]
WARNING: [Synth 8-153] case item 31'b0000000000000000000000000001000 will never be executed [C:/Users/cw_98/Documents/Parking_System_FPGA/parking_system/parking_system.srcs/sources_1/new/parking_top.vhd:107]
WARNING: [Synth 8-153] case item 31'b0000000000000000000000000001001 will never be executed [C:/Users/cw_98/Documents/Parking_System_FPGA/parking_system/parking_system.srcs/sources_1/new/parking_top.vhd:107]
INFO: [Synth 8-226] default block is never used [C:/Users/cw_98/Documents/Parking_System_FPGA/parking_system/parking_system.srcs/sources_1/new/parking_top.vhd:107]
INFO: [Synth 8-256] done synthesizing module 'parking_top' (0#1) [C:/Users/cw_98/Documents/Parking_System_FPGA/parking_system/parking_system.srcs/sources_1/new/parking_top.vhd:81]
WARNING: [Synth 8-3917] design parking_top has port LED[15] driven by constant 0
WARNING: [Synth 8-3917] design parking_top has port LED[14] driven by constant 0
WARNING: [Synth 8-3917] design parking_top has port LED[13] driven by constant 0
WARNING: [Synth 8-3917] design parking_top has port LED[12] driven by constant 0
WARNING: [Synth 8-3917] design parking_top has port LED[11] driven by constant 0
WARNING: [Synth 8-3917] design parking_top has port LED[10] driven by constant 0
WARNING: [Synth 8-3917] design parking_top has port LED[9] driven by constant 0
WARNING: [Synth 8-3917] design parking_top has port LED[8] driven by constant 0
WARNING: [Synth 8-3917] design parking_top has port LED[7] driven by constant 0
WARNING: [Synth 8-3917] design parking_top has port LED[6] driven by constant 0
WARNING: [Synth 8-3917] design parking_top has port LED[5] driven by constant 0
WARNING: [Synth 8-3917] design parking_top has port LED[4] driven by constant 0
WARNING: [Synth 8-3917] design parking_top has port DP driven by constant 1
---------------------------------------------------------------------------------
Finished RTL Elaboration : Time (s): cpu = 00:00:08 ; elapsed = 00:00:10 . Memory (MB): peak = 1393.992 ; gain = 661.258
---------------------------------------------------------------------------------
---------------------------------------------------------------------------------
Start Handling Custom Attributes
---------------------------------------------------------------------------------
---------------------------------------------------------------------------------
Finished Handling Custom Attributes : Time (s): cpu = 00:00:09 ; elapsed = 00:00:10 . Memory (MB): peak = 1393.992 ; gain = 661.258
---------------------------------------------------------------------------------
---------------------------------------------------------------------------------
Finished RTL Optimization Phase 1 : Time (s): cpu = 00:00:09 ; elapsed = 00:00:10 . Memory (MB): peak = 1393.992 ; gain = 661.258
---------------------------------------------------------------------------------
Netlist sorting complete. Time (s): cpu = 00:00:00 ; elapsed = 00:00:00.003 . Memory (MB): peak = 1393.992 ; gain = 0.000
INFO: [Project 1-570] Preparing netlist for logic optimization

Processing XDC Constraints
Initializing timing engine
Parsing XDC File [C:/Users/cw_98/Documents/Nexys-A7-100T-Master.xdc]
Finished Parsing XDC File [C:/Users/cw_98/Documents/Nexys-A7-100T-Master.xdc]
INFO: [Project 1-236] Implementation specific constraints were found while reading constraint file [C:/Users/cw_98/Documents/Nexys-A7-100T-Master.xdc]. These constraints will be ignored for synthesis but will be used in implementation. Impacted constraints are listed in the file [.Xil/parking_top_propImpl.xdc].
Resolution: To avoid this warning, move constraints listed in [.Xil/parking_top_propImpl.xdc] to another XDC file and exclude this new file from synthesis with the used_in_synthesis property (File Properties dialog in GUI) and re-run elaboration/synthesis.
Completed Processing XDC Constraints

Netlist sorting complete. Time (s): cpu = 00:00:00 ; elapsed = 00:00:00 . Memory (MB): peak = 1464.711 ; gain = 0.000
INFO: [Project 1-111] Unisim Transformation Summary:
No Unisim elements were transformed.

Constraint Validation Runtime : Time (s): cpu = 00:00:00 ; elapsed = 00:00:00.006 . Memory (MB): peak = 1464.711 ; gain = 0.000
INFO: [Designutils 20-5440] No compile time benefit to using incremental synthesis; A full resynthesis will be run
INFO: [Designutils 20-4379] Flow is switching to default flow due to incremental criteria not met. If you would like to alter this behaviour and have the flow terminate instead, please set the following parameter config_implementation {autoIncr.Synth.RejectBehavior Terminate}
---------------------------------------------------------------------------------
Finished Constraint Validation : Time (s): cpu = 00:00:18 ; elapsed = 00:00:21 . Memory (MB): peak = 1464.711 ; gain = 731.977
---------------------------------------------------------------------------------
---------------------------------------------------------------------------------
Start Loading Part and Timing Information
---------------------------------------------------------------------------------
Loading part: xc7a100tcsg324-1
---------------------------------------------------------------------------------
Finished Loading Part and Timing Information : Time (s): cpu = 00:00:18 ; elapsed = 00:00:21 . Memory (MB): peak = 1464.711 ; gain = 731.977
---------------------------------------------------------------------------------
---------------------------------------------------------------------------------
Start Applying 'set_property' XDC Constraints
---------------------------------------------------------------------------------
---------------------------------------------------------------------------------
Finished applying 'set_property' XDC Constraints : Time (s): cpu = 00:00:18 ; elapsed = 00:00:21 . Memory (MB): peak = 1464.711 ; gain = 731.977
---------------------------------------------------------------------------------
---------------------------------------------------------------------------------
Finished RTL Optimization Phase 2 : Time (s): cpu = 00:00:19 ; elapsed = 00:00:22 . Memory (MB): peak = 1464.711 ; gain = 731.977
---------------------------------------------------------------------------------
---------------------------------------------------------------------------------
Start RTL Component Statistics 
---------------------------------------------------------------------------------
Detailed RTL Component Info : 
+---Adders : 
	   2 Input   17 Bit       Adders := 1     
	   2 Input    4 Bit       Adders := 1     
	   2 Input    2 Bit       Adders := 1     
+---Registers : 
	               17 Bit    Registers := 1     
	                4 Bit    Registers := 1     
	                2 Bit    Registers := 1     
	                1 Bit    Registers := 18    
+---Muxes : 
	   2 Input    8 Bit        Muxes := 3     
	   3 Input    8 Bit        Muxes := 1     
	   2 Input    7 Bit        Muxes := 4     
	   3 Input    7 Bit        Muxes := 1     
	   2 Input    2 Bit        Muxes := 2     
	   2 Input    1 Bit        Muxes := 3     
---------------------------------------------------------------------------------
Finished RTL Component Statistics 
---------------------------------------------------------------------------------
---------------------------------------------------------------------------------
Start Part Resource Summary
---------------------------------------------------------------------------------
Part Resources:
DSPs: 240 (col length:80)
BRAMs: 270 (col length: RAMB18 80 RAMB36 40)
---------------------------------------------------------------------------------
Finished Part Resource Summary
---------------------------------------------------------------------------------
---------------------------------------------------------------------------------
Start Cross Boundary and Area Optimization
---------------------------------------------------------------------------------
WARNING: [Synth 8-3917] design parking_top has port LED[15] driven by constant 0
WARNING: [Synth 8-3917] design parking_top has port LED[14] driven by constant 0
WARNING: [Synth 8-3917] design parking_top has port LED[13] driven by constant 0
WARNING: [Synth 8-3917] design parking_top has port LED[12] driven by constant 0
WARNING: [Synth 8-3917] design parking_top has port LED[11] driven by constant 0
WARNING: [Synth 8-3917] design parking_top has port LED[10] driven by constant 0
WARNING: [Synth 8-3917] design parking_top has port LED[9] driven by constant 0
WARNING: [Synth 8-3917] design parking_top has port LED[8] driven by constant 0
WARNING: [Synth 8-3917] design parking_top has port LED[7] driven by constant 0
WARNING: [Synth 8-3917] design parking_top has port LED[6] driven by constant 0
WARNING: [Synth 8-3917] design parking_top has port LED[5] driven by constant 0
WARNING: [Synth 8-3917] design parking_top has port LED[4] driven by constant 0
WARNING: [Synth 8-3917] design parking_top has port DP driven by constant 1
WARNING: [Synth 8-3917] design parking_top has port AN[6] driven by constant 1
WARNING: [Synth 8-3917] design parking_top has port AN[5] driven by constant 1
WARNING: [Synth 8-3917] design parking_top has port AN[4] driven by constant 1
WARNING: [Synth 8-3917] design parking_top has port AN[3] driven by constant 1
WARNING: [Synth 8-3917] design parking_top has port AN[2] driven by constant 1
---------------------------------------------------------------------------------
Finished Cross Boundary and Area Optimization : Time (s): cpu = 00:00:22 ; elapsed = 00:00:25 . Memory (MB): peak = 1464.711 ; gain = 731.977
---------------------------------------------------------------------------------
---------------------------------------------------------------------------------
Start Applying XDC Timing Constraints
---------------------------------------------------------------------------------
---------------------------------------------------------------------------------
Finished Applying XDC Timing Constraints : Time (s): cpu = 00:00:27 ; elapsed = 00:00:30 . Memory (MB): peak = 1589.793 ; gain = 857.059
---------------------------------------------------------------------------------
---------------------------------------------------------------------------------
Start Timing Optimization
---------------------------------------------------------------------------------
---------------------------------------------------------------------------------
Finished Timing Optimization : Time (s): cpu = 00:00:27 ; elapsed = 00:00:30 . Memory (MB): peak = 1622.289 ; gain = 889.555
---------------------------------------------------------------------------------
---------------------------------------------------------------------------------
Start Technology Mapping
---------------------------------------------------------------------------------
---------------------------------------------------------------------------------
Finished Technology Mapping : Time (s): cpu = 00:00:27 ; elapsed = 00:00:30 . Memory (MB): peak = 1622.289 ; gain = 889.555
---------------------------------------------------------------------------------
---------------------------------------------------------------------------------
Start IO Insertion
---------------------------------------------------------------------------------
---------------------------------------------------------------------------------
Start Flattening Before IO Insertion
---------------------------------------------------------------------------------
---------------------------------------------------------------------------------
Finished Flattening Before IO Insertion
---------------------------------------------------------------------------------
---------------------------------------------------------------------------------
Start Final Netlist Cleanup
---------------------------------------------------------------------------------
---------------------------------------------------------------------------------
Finished Final Netlist Cleanup
---------------------------------------------------------------------------------
---------------------------------------------------------------------------------
Finished IO Insertion : Time (s): cpu = 00:00:32 ; elapsed = 00:00:36 . Memory (MB): peak = 1850.461 ; gain = 1117.727
---------------------------------------------------------------------------------
---------------------------------------------------------------------------------
Start Renaming Generated Instances
---------------------------------------------------------------------------------
---------------------------------------------------------------------------------
Finished Renaming Generated Instances : Time (s): cpu = 00:00:32 ; elapsed = 00:00:36 . Memory (MB): peak = 1850.461 ; gain = 1117.727
---------------------------------------------------------------------------------
---------------------------------------------------------------------------------
Start Rebuilding User Hierarchy
---------------------------------------------------------------------------------
---------------------------------------------------------------------------------
Finished Rebuilding User Hierarchy : Time (s): cpu = 00:00:32 ; elapsed = 00:00:36 . Memory (MB): peak = 1850.461 ; gain = 1117.727
---------------------------------------------------------------------------------
---------------------------------------------------------------------------------
Start Renaming Generated Ports
---------------------------------------------------------------------------------
---------------------------------------------------------------------------------
Finished Renaming Generated Ports : Time (s): cpu = 00:00:32 ; elapsed = 00:00:36 . Memory (MB): peak = 1850.461 ; gain = 1117.727
---------------------------------------------------------------------------------
---------------------------------------------------------------------------------
Start Handling Custom Attributes
---------------------------------------------------------------------------------
---------------------------------------------------------------------------------
Finished Handling Custom Attributes : Time (s): cpu = 00:00:32 ; elapsed = 00:00:36 . Memory (MB): peak = 1850.461 ; gain = 1117.727
---------------------------------------------------------------------------------
---------------------------------------------------------------------------------
Start Renaming Generated Nets
---------------------------------------------------------------------------------
---------------------------------------------------------------------------------
Finished Renaming Generated Nets : Time (s): cpu = 00:00:32 ; elapsed = 00:00:36 . Memory (MB): peak = 1850.461 ; gain = 1117.727
---------------------------------------------------------------------------------
---------------------------------------------------------------------------------
Start Writing Synthesis Report
---------------------------------------------------------------------------------

Report BlackBoxes: 
+-+--------------+----------+
| |BlackBox name |Instances |
+-+--------------+----------+
+-+--------------+----------+

Report Cell Usage: 
+------+-------+------+
|      |Cell   |Count |
+------+-------+------+
|1     |BUFG   |     1|
|2     |CARRY4 |    28|
|3     |LUT1   |     6|
|4     |LUT2   |     4|
|5     |LUT3   |    16|
|6     |LUT4   |    15|
|7     |LUT5   |     8|
|8     |LUT6   |    21|
|9     |FDRE   |   125|
|10    |IBUF   |     9|
|11    |OBUF   |    32|
+------+-------+------+
---------------------------------------------------------------------------------
Finished Writing Synthesis Report : Time (s): cpu = 00:00:32 ; elapsed = 00:00:36 . Memory (MB): peak = 1850.461 ; gain = 1117.727
---------------------------------------------------------------------------------
Synthesis finished with 0 errors, 0 critical warnings and 18 warnings.
Synthesis Optimization Runtime : Time (s): cpu = 00:00:21 ; elapsed = 00:00:33 . Memory (MB): peak = 1850.461 ; gain = 1047.008
Synthesis Optimization Complete : Time (s): cpu = 00:00:32 ; elapsed = 00:00:36 . Memory (MB): peak = 1850.461 ; gain = 1117.727
INFO: [Project 1-571] Translating synthesized netlist
Netlist sorting complete. Time (s): cpu = 00:00:00 ; elapsed = 00:00:00.003 . Memory (MB): peak = 1859.645 ; gain = 0.000
INFO: [Netlist 29-17] Analyzing 28 Unisim elements for replacement
INFO: [Netlist 29-28] Unisim Transformation completed in 0 CPU seconds
INFO: [Project 1-570] Preparing netlist for logic optimization
INFO: [Opt 31-138] Pushed 0 inverter(s) to 0 load pin(s).
Netlist sorting complete. Time (s): cpu = 00:00:00 ; elapsed = 00:00:00.001 . Memory (MB): peak = 1863.312 ; gain = 0.000
INFO: [Project 1-111] Unisim Transformation Summary:
No Unisim elements were transformed.

Synth Design complete | Checksum: 22d153c0
INFO: [Common 17-83] Releasing license: Synthesis
26 Infos, 39 Warnings, 0 Critical Warnings and 0 Errors encountered.
synth_design completed successfully
synth_design: Time (s): cpu = 00:00:39 ; elapsed = 00:01:38 . Memory (MB): peak = 1863.312 ; gain = 1332.707
Write ShapeDB Complete: Time (s): cpu = 00:00:00 ; elapsed = 00:00:00.002 . Memory (MB): peak = 1863.312 ; gain = 0.000
INFO: [Common 17-1381] The checkpoint 'C:/Users/cw_98/Documents/Parking_System_FPGA/parking_system/parking_system.runs/synth_1/parking_top.dcp' has been generated.
INFO: [Vivado 12-24828] Executing command : report_utilization -file parking_top_utilization_synth.rpt -pb parking_top_utilization_synth.pb
INFO: [Common 17-206] Exiting Vivado at Tue Jun 30 12:50:30 2026...
